current directory: /Users/aamita/Oracle/amitbcp/iamamitagarwal.github.io/vendor/bundle/ruby/3.1.0/gems/json-2.16.0/ext/json/ext/parser
/Users/aamita/miniconda3/envs/jekyll/bin/ruby -I /Users/aamita/miniconda3/envs/jekyll/lib/ruby/3.1.0 -r ./siteconf20260114-4618-jf0xdo.rb extconf.rb
checking for rb_enc_interned_str() in ruby/encoding.h... yes
checking for rb_str_to_interned_str() in ruby.h... yes
checking for rb_hash_new_capa() in ruby.h... no
checking for rb_hash_bulk_insert() in ruby.h... yes
checking for strnlen() in string.h... yes
checking for whether -std=c99 is accepted as CFLAGS... yes
checking for arm_neon.h... yes
checking for cpuid.h... no
creating Makefile

current directory: /Users/aamita/Oracle/amitbcp/iamamitagarwal.github.io/vendor/bundle/ruby/3.1.0/gems/json-2.16.0/ext/json/ext/parser
make DESTDIR\= clean

current directory: /Users/aamita/Oracle/amitbcp/iamamitagarwal.github.io/vendor/bundle/ruby/3.1.0/gems/json-2.16.0/ext/json/ext/parser
make DESTDIR\=
compiling parser.c
linking shared-object json/ext/parser.bundle
ld: warning: duplicate -rpath '/Users/aamita/miniconda3/envs/jekyll/lib' ignored
ld: warning: -pie being ignored. It is only used when linking a main executable
ld: warning: -multiply_defined is obsolete
ld: warning: search path '/Users/runner/miniforge3/conda-bld/ruby_1679298974550/_build_env/lib/clang/14.0.6/lib' not found

current directory: /Users/aamita/Oracle/amitbcp/iamamitagarwal.github.io/vendor/bundle/ruby/3.1.0/gems/json-2.16.0/ext/json/ext/parser
make DESTDIR\= install
/usr/bin/install -c -m 0755 parser.bundle ./.gem.20260114-4618-tozvrq/json/ext
