current directory: /Users/aamita/Oracle/amitbcp/iamamitagarwal.github.io/vendor/bundle/ruby/3.1.0/gems/http_parser.rb-0.8.0/ext/ruby_http_parser
/Users/aamita/miniconda3/envs/jekyll/bin/ruby -I /Users/aamita/miniconda3/envs/jekyll/lib/ruby/3.1.0 -r ./siteconf20260114-4618-ycoc2n.rb extconf.rb
creating Makefile

current directory: /Users/aamita/Oracle/amitbcp/iamamitagarwal.github.io/vendor/bundle/ruby/3.1.0/gems/http_parser.rb-0.8.0/ext/ruby_http_parser
make DESTDIR\= clean

current directory: /Users/aamita/Oracle/amitbcp/iamamitagarwal.github.io/vendor/bundle/ruby/3.1.0/gems/http_parser.rb-0.8.0/ext/ruby_http_parser
make DESTDIR\=
compiling ruby_http_parser.c
ruby_http_parser.c:365:17: warning: comparison of integers of different signs: 'size_t' (aka 'unsigned long') and 'long' [-Wsign-compare]
  365 |     if (nparsed < len)
      |         ~~~~~~~ ^ ~~~
1 warning generated.
compiling ryah_http_parser.c
linking shared-object ruby_http_parser.bundle
ld: warning: duplicate -rpath '/Users/aamita/miniconda3/envs/jekyll/lib' ignored
ld: warning: -pie being ignored. It is only used when linking a main executable
ld: warning: -multiply_defined is obsolete
ld: warning: search path '/Users/runner/miniforge3/conda-bld/ruby_1679298974550/_build_env/lib/clang/14.0.6/lib' not found

current directory: /Users/aamita/Oracle/amitbcp/iamamitagarwal.github.io/vendor/bundle/ruby/3.1.0/gems/http_parser.rb-0.8.0/ext/ruby_http_parser
make DESTDIR\= install
/usr/bin/install -c -m 0755 ruby_http_parser.bundle ./.gem.20260114-4618-mha5zp
